0 verbose cli /opt/homebrew/Cellar/node/23.11.0/bin/node /opt/homebrew/bin/npm
1 info using npm@10.9.2
2 info using node@v23.11.0
3 silly config load:file:/opt/homebrew/lib/node_modules/npm/npmrc
4 silly config load:file:/Users/mitchellengare/Downloads/remit-mvp/.npmrc
5 silly config load:file:/Users/mitchellengare/.npmrc
6 silly config load:file:/opt/homebrew/etc/npmrc
7 verbose title npm install
8 verbose argv "install"
9 verbose logfile logs-max:10 dir:/Users/mitchellengare/.npm/_logs/2026-01-25T23_27_44_783Z-
10 verbose logfile /Users/mitchellengare/.npm/_logs/2026-01-25T23_27_44_783Z-debug-0.log
11 silly logfile start cleaning logs, removing 1 files
12 silly packumentCache heap:2197815296 maxSize:549453824 maxEntrySize:274726912
13 silly logfile done cleaning log files
14 silly idealTree buildDeps
15 silly fetch manifest @prisma/client@^5.22.0
16 silly packumentCache full:https://registry.npmjs.org/@prisma%2fclient cache-miss
17 http fetch GET 200 https://registry.npmjs.org/@prisma%2fclient 1151ms (cache miss)
18 silly packumentCache full:https://registry.npmjs.org/@prisma%2fclient set size:undefined disposed:false
19 silly fetch manifest prisma@^5.22.0
20 silly packumentCache full:https://registry.npmjs.org/prisma cache-miss
21 http fetch GET 200 https://registry.npmjs.org/prisma 615ms (cache miss)
22 silly packumentCache full:https://registry.npmjs.org/prisma set size:undefined disposed:false
23 silly fetch manifest next@^14.2.16
24 silly packumentCache full:https://registry.npmjs.org/next cache-miss
25 http fetch GET 200 https://registry.npmjs.org/next 271ms (cache updated)
26 silly packumentCache full:https://registry.npmjs.org/next set size:undefined disposed:false
27 silly fetch manifest @opentelemetry/api@^1.1.0
28 silly packumentCache full:https://registry.npmjs.org/@opentelemetry%2fapi cache-miss
29 http fetch GET 200 https://registry.npmjs.org/@opentelemetry%2fapi 118ms (cache revalidated)
30 silly packumentCache full:https://registry.npmjs.org/@opentelemetry%2fapi set size:455567 disposed:false
31 silly fetch manifest @playwright/test@^1.41.2
32 silly packumentCache full:https://registry.npmjs.org/@playwright%2ftest cache-miss
33 http fetch GET 200 https://registry.npmjs.org/@playwright%2ftest 251ms (cache updated)
34 silly packumentCache full:https://registry.npmjs.org/@playwright%2ftest set size:undefined disposed:false
35 silly fetch manifest react@^18.3.1
36 silly packumentCache full:https://registry.npmjs.org/react cache-miss
37 http fetch GET 200 https://registry.npmjs.org/react 53ms (cache revalidated)
38 silly packumentCache full:https://registry.npmjs.org/react set size:6410034 disposed:false
39 silly fetch manifest react-dom@^18.3.1
40 silly packumentCache full:https://registry.npmjs.org/react-dom cache-miss
41 http fetch GET 200 https://registry.npmjs.org/react-dom 42ms (cache revalidated)
42 silly packumentCache full:https://registry.npmjs.org/react-dom set size:8456476 disposed:false
43 silly fetch manifest sass@^1.3.0
44 silly packumentCache full:https://registry.npmjs.org/sass cache-miss
45 http fetch GET 200 https://registry.npmjs.org/sass 97ms (cache revalidated)
46 silly packumentCache full:https://registry.npmjs.org/sass set size:722061 disposed:false
47 silly fetch manifest uuid@^9.0.1
48 silly packumentCache full:https://registry.npmjs.org/uuid cache-miss
49 http fetch GET 200 https://registry.npmjs.org/uuid 38ms (cache updated)
50 silly packumentCache full:https://registry.npmjs.org/uuid set size:undefined disposed:false
51 silly fetch manifest zod@^3.23.8
52 silly packumentCache full:https://registry.npmjs.org/zod cache-miss
53 http fetch GET 200 https://registry.npmjs.org/zod 137ms (cache updated)
54 silly packumentCache full:https://registry.npmjs.org/zod set size:undefined disposed:false
55 silly fetch manifest typescript@^5.6.3
56 silly packumentCache full:https://registry.npmjs.org/typescript cache-miss
57 http fetch GET 200 https://registry.npmjs.org/typescript 48ms (cache revalidated)
58 silly packumentCache full:https://registry.npmjs.org/typescript set size:15167206 disposed:false
59 silly fetch manifest @types/node@^20.14.10
60 silly packumentCache full:https://registry.npmjs.org/@types%2fnode cache-miss
61 http fetch GET 200 https://registry.npmjs.org/@types%2fnode 54ms (cache revalidated)
62 silly packumentCache full:https://registry.npmjs.org/@types%2fnode set size:10801274 disposed:false
63 silly fetch manifest @types/react@^18.3.5
64 silly packumentCache full:https://registry.npmjs.org/@types%2freact cache-miss
65 http fetch GET 200 https://registry.npmjs.org/@types%2freact 137ms (cache revalidated)
66 silly packumentCache full:https://registry.npmjs.org/@types%2freact set size:2551060 disposed:false
67 silly fetch manifest @types/react-dom@^18.3.0
68 silly packumentCache full:https://registry.npmjs.org/@types%2freact-dom cache-miss
69 http fetch GET 200 https://registry.npmjs.org/@types%2freact-dom 40ms (cache revalidated)
70 silly packumentCache full:https://registry.npmjs.org/@types%2freact-dom set size:429026 disposed:false
71 silly placeDep ROOT @prisma/client@5.22.0 OK for: remit-mvp@0.1.0 want: ^5.22.0
72 silly placeDep ROOT @types/node@20.19.30 OK for: remit-mvp@0.1.0 want: ^20.14.10
73 silly placeDep ROOT @types/react@18.3.27 OK for: remit-mvp@0.1.0 want: ^18.3.5
74 silly placeDep ROOT @types/react-dom@18.3.7 OK for: remit-mvp@0.1.0 want: ^18.3.0
75 silly placeDep ROOT next@14.2.35 OK for: remit-mvp@0.1.0 want: ^14.2.16
76 silly placeDep ROOT react@18.3.1 OK for: next@14.2.35 want: ^18.2.0
77 silly placeDep ROOT react-dom@18.3.1 OK for: next@14.2.35 want: ^18.2.0
78 silly placeDep ROOT prisma@5.22.0 OK for: remit-mvp@0.1.0 want: ^5.22.0
79 silly placeDep ROOT typescript@5.9.3 OK for: remit-mvp@0.1.0 want: ^5.6.3
80 silly placeDep ROOT uuid@9.0.1 OK for: remit-mvp@0.1.0 want: ^9.0.1
81 silly placeDep ROOT zod@3.25.76 OK for: remit-mvp@0.1.0 want: ^3.23.8
82 silly fetch manifest undici-types@~6.21.0
83 silly packumentCache full:https://registry.npmjs.org/undici-types cache-miss
84 silly fetch manifest csstype@^3.2.2
85 silly packumentCache full:https://registry.npmjs.org/csstype cache-miss
86 silly fetch manifest @types/prop-types@*
87 silly packumentCache full:https://registry.npmjs.org/@types%2fprop-types cache-miss
88 silly fetch manifest busboy@1.6.0
89 silly packumentCache full:https://registry.npmjs.org/busboy cache-miss
90 silly fetch manifest postcss@8.4.31
91 silly packumentCache full:https://registry.npmjs.org/postcss cache-miss
92 silly fetch manifest @next/env@14.2.35
93 silly packumentCache full:https://registry.npmjs.org/@next%2fenv cache-miss
94 silly fetch manifest styled-jsx@5.1.1
95 silly packumentCache full:https://registry.npmjs.org/styled-jsx cache-miss
96 http fetch GET 200 https://registry.npmjs.org/busboy 128ms (cache miss)
97 silly packumentCache full:https://registry.npmjs.org/busboy set size:undefined disposed:false
98 silly fetch manifest graceful-fs@^4.2.11
99 silly packumentCache full:https://registry.npmjs.org/graceful-fs cache-miss
100 http fetch GET 200 https://registry.npmjs.org/undici-types 152ms (cache revalidated)
101 silly packumentCache full:https://registry.npmjs.org/undici-types set size:163350 disposed:false
102 silly fetch manifest @swc/helpers@0.5.5
103 silly packumentCache full:https://registry.npmjs.org/@swc%2fhelpers cache-miss
104 http fetch GET 200 https://registry.npmjs.org/postcss 155ms (cache revalidated)
105 silly packumentCache full:https://registry.npmjs.org/postcss set size:696248 disposed:false
106 silly fetch manifest caniuse-lite@^1.0.30001579
107 silly packumentCache full:https://registry.npmjs.org/caniuse-lite cache-miss
108 http fetch GET 200 https://registry.npmjs.org/styled-jsx 164ms (cache revalidated)
109 silly packumentCache full:https://registry.npmjs.org/styled-jsx set size:436113 disposed:false
110 silly fetch manifest @next/swc-darwin-x64@14.2.33
111 silly packumentCache full:https://registry.npmjs.org/@next%2fswc-darwin-x64 cache-miss
112 http fetch GET 200 https://registry.npmjs.org/graceful-fs 39ms (cache revalidated)
113 silly packumentCache full:https://registry.npmjs.org/graceful-fs set size:124285 disposed:false
114 silly fetch manifest @next/swc-darwin-arm64@14.2.33
115 silly packumentCache full:https://registry.npmjs.org/@next%2fswc-darwin-arm64 cache-miss
116 http fetch GET 200 https://registry.npmjs.org/csstype 220ms (cache revalidated)
117 silly packumentCache full:https://registry.npmjs.org/csstype set size:274189 disposed:false
118 silly fetch manifest @next/swc-linux-x64-gnu@14.2.33
119 silly packumentCache full:https://registry.npmjs.org/@next%2fswc-linux-x64-gnu cache-miss
120 http fetch GET 200 https://registry.npmjs.org/@types%2fprop-types 222ms (cache revalidated)
121 silly packumentCache full:https://registry.npmjs.org/@types%2fprop-types set size:53942 disposed:false
122 silly fetch manifest @next/swc-linux-x64-musl@14.2.33
123 silly packumentCache full:https://registry.npmjs.org/@next%2fswc-linux-x64-musl cache-miss
124 http fetch GET 200 https://registry.npmjs.org/caniuse-lite 80ms (cache revalidated)
125 silly packumentCache full:https://registry.npmjs.org/caniuse-lite set size:2246509 disposed:false
126 silly fetch manifest @next/swc-win32-x64-msvc@14.2.33
127 silly packumentCache full:https://registry.npmjs.org/@next%2fswc-win32-x64-msvc cache-miss
128 http fetch GET 200 https://registry.npmjs.org/@next%2fenv 327ms (cache updated)
129 silly packumentCache full:https://registry.npmjs.org/@next%2fenv set size:undefined disposed:false
130 silly fetch manifest @next/swc-linux-arm64-gnu@14.2.33
131 silly packumentCache full:https://registry.npmjs.org/@next%2fswc-linux-arm64-gnu cache-miss
132 http fetch GET 200 https://registry.npmjs.org/@swc%2fhelpers 294ms (cache revalidated)
133 silly packumentCache full:https://registry.npmjs.org/@swc%2fhelpers set size:655395 disposed:false
134 silly fetch manifest @next/swc-win32-ia32-msvc@14.2.33
135 silly packumentCache full:https://registry.npmjs.org/@next%2fswc-win32-ia32-msvc cache-miss
136 http fetch GET 200 https://registry.npmjs.org/@next%2fswc-darwin-arm64 302ms (cache updated)
137 silly packumentCache full:https://registry.npmjs.org/@next%2fswc-darwin-arm64 set size:undefined disposed:false
138 silly fetch manifest @next/swc-linux-arm64-musl@14.2.33
139 silly packumentCache full:https://registry.npmjs.org/@next%2fswc-linux-arm64-musl cache-miss
140 http fetch GET 200 https://registry.npmjs.org/@next%2fswc-darwin-x64 466ms (cache updated)
141 silly packumentCache full:https://registry.npmjs.org/@next%2fswc-darwin-x64 set size:undefined disposed:false
142 silly fetch manifest @next/swc-win32-arm64-msvc@14.2.33
143 silly packumentCache full:https://registry.npmjs.org/@next%2fswc-win32-arm64-msvc cache-miss
144 http fetch GET 200 https://registry.npmjs.org/@next%2fswc-linux-x64-gnu 465ms (cache updated)
145 silly packumentCache full:https://registry.npmjs.org/@next%2fswc-linux-x64-gnu set size:undefined disposed:false
146 silly fetch manifest scheduler@^0.23.2
147 silly packumentCache full:https://registry.npmjs.org/scheduler cache-miss
148 http fetch GET 200 https://registry.npmjs.org/@next%2fswc-linux-arm64-musl 222ms (cache updated)
149 silly packumentCache full:https://registry.npmjs.org/@next%2fswc-linux-arm64-musl set size:undefined disposed:false
150 silly fetch manifest loose-envify@^1.1.0
151 silly packumentCache full:https://registry.npmjs.org/loose-envify cache-miss
152 http fetch GET 200 https://registry.npmjs.org/@next%2fswc-win32-x64-msvc 478ms (cache updated)
153 silly packumentCache full:https://registry.npmjs.org/@next%2fswc-win32-x64-msvc set size:undefined disposed:false
154 silly fetch manifest loose-envify@^1.1.0
155 silly packumentCache full:https://registry.npmjs.org/loose-envify cache-miss
156 http fetch GET 200 https://registry.npmjs.org/@next%2fswc-linux-x64-musl 521ms (cache updated)
157 silly packumentCache full:https://registry.npmjs.org/@next%2fswc-linux-x64-musl set size:undefined disposed:false
158 silly fetch manifest @prisma/engines@5.22.0
159 silly packumentCache full:https://registry.npmjs.org/@prisma%2fengines cache-miss
160 http fetch GET 200 https://registry.npmjs.org/scheduler 60ms (cache revalidated)
161 silly packumentCache full:https://registry.npmjs.org/scheduler set size:5331263 disposed:false
162 silly fetch manifest fsevents@2.3.3
163 silly packumentCache full:https://registry.npmjs.org/fsevents cache-miss
164 http fetch GET 200 https://registry.npmjs.org/loose-envify 46ms (cache revalidated)
165 silly packumentCache full:https://registry.npmjs.org/loose-envify set size:12559 disposed:false
166 http fetch GET 200 https://registry.npmjs.org/loose-envify 64ms (cache revalidated)
167 silly packumentCache full:https://registry.npmjs.org/loose-envify set size:12559 disposed:false
168 silly packumentCache full:https://registry.npmjs.org/loose-envify dispose
169 http fetch GET 200 https://registry.npmjs.org/@next%2fswc-win32-ia32-msvc 333ms (cache miss)
170 silly packumentCache full:https://registry.npmjs.org/@next%2fswc-win32-ia32-msvc set size:undefined disposed:false
171 http fetch GET 200 https://registry.npmjs.org/@next%2fswc-linux-arm64-gnu 453ms (cache updated)
172 silly packumentCache full:https://registry.npmjs.org/@next%2fswc-linux-arm64-gnu set size:undefined disposed:false
173 http fetch GET 200 https://registry.npmjs.org/fsevents 32ms (cache revalidated)
174 silly packumentCache full:https://registry.npmjs.org/fsevents set size:182472 disposed:false
175 http fetch GET 200 https://registry.npmjs.org/@next%2fswc-win32-arm64-msvc 300ms (cache updated)
176 silly packumentCache full:https://registry.npmjs.org/@next%2fswc-win32-arm64-msvc set size:undefined disposed:false
177 http fetch GET 200 https://registry.npmjs.org/@prisma%2fengines 529ms (cache miss)
178 silly packumentCache full:https://registry.npmjs.org/@prisma%2fengines set size:undefined disposed:false
179 silly placeDep ROOT undici-types@6.21.0 OK for: @types/node@20.19.30 want: ~6.21.0
180 silly placeDep ROOT @types/prop-types@15.7.15 OK for: @types/react@18.3.27 want: *
181 silly placeDep ROOT csstype@3.2.3 OK for: @types/react@18.3.27 want: ^3.2.2
182 silly fetch manifest react@^18.2.0
183 silly packumentCache full:https://registry.npmjs.org/react cache-miss
184 http cache https://registry.npmjs.org/react 15ms (cache hit)
185 silly packumentCache full:https://registry.npmjs.org/react set size:6410034 disposed:false
186 silly placeDep ROOT @next/env@14.2.35 OK for: next@14.2.35 want: 14.2.35
187 silly placeDep ROOT @next/swc-darwin-arm64@14.2.33 OK for: next@14.2.35 want: 14.2.33
188 silly placeDep ROOT @next/swc-darwin-x64@14.2.33 OK for: next@14.2.35 want: 14.2.33
189 silly placeDep ROOT @next/swc-linux-arm64-gnu@14.2.33 OK for: next@14.2.35 want: 14.2.33
190 silly placeDep ROOT @next/swc-linux-arm64-musl@14.2.33 OK for: next@14.2.35 want: 14.2.33
191 silly placeDep ROOT @next/swc-linux-x64-gnu@14.2.33 OK for: next@14.2.35 want: 14.2.33
192 silly placeDep ROOT @next/swc-linux-x64-musl@14.2.33 OK for: next@14.2.35 want: 14.2.33
193 silly placeDep ROOT @next/swc-win32-arm64-msvc@14.2.33 OK for: next@14.2.35 want: 14.2.33
194 silly placeDep ROOT @next/swc-win32-ia32-msvc@14.2.33 OK for: next@14.2.35 want: 14.2.33
195 silly placeDep ROOT @next/swc-win32-x64-msvc@14.2.33 OK for: next@14.2.35 want: 14.2.33
196 silly placeDep ROOT @swc/helpers@0.5.5 OK for: next@14.2.35 want: 0.5.5
197 silly placeDep ROOT busboy@1.6.0 OK for: next@14.2.35 want: 1.6.0
198 silly placeDep ROOT caniuse-lite@1.0.30001766 OK for: next@14.2.35 want: ^1.0.30001579
199 silly placeDep ROOT graceful-fs@4.2.11 OK for: next@14.2.35 want: ^4.2.11
200 silly placeDep ROOT postcss@8.4.31 OK for: next@14.2.35 want: 8.4.31
201 silly placeDep ROOT styled-jsx@5.1.1 OK for: next@14.2.35 want: 5.1.1
202 silly fetch manifest tslib@^2.4.0
203 silly packumentCache full:https://registry.npmjs.org/tslib cache-miss
204 silly fetch manifest @swc/counter@^0.1.3
205 silly packumentCache full:https://registry.npmjs.org/@swc%2fcounter cache-miss
206 silly fetch manifest streamsearch@^1.1.0
207 silly packumentCache full:https://registry.npmjs.org/streamsearch cache-miss
208 silly fetch manifest nanoid@^3.3.6
209 silly packumentCache full:https://registry.npmjs.org/nanoid cache-miss
210 silly fetch manifest picocolors@^1.0.0
211 silly packumentCache full:https://registry.npmjs.org/picocolors cache-miss
212 silly fetch manifest source-map-js@^1.0.2
213 silly packumentCache full:https://registry.npmjs.org/source-map-js cache-miss
214 silly fetch manifest client-only@0.0.1
215 silly packumentCache full:https://registry.npmjs.org/client-only cache-miss
216 http fetch GET 200 https://registry.npmjs.org/client-only 85ms (cache revalidated)
217 silly packumentCache full:https://registry.npmjs.org/client-only set size:2750 disposed:false
218 http fetch GET 200 https://registry.npmjs.org/source-map-js 86ms (cache revalidated)
219 silly packumentCache full:https://registry.npmjs.org/source-map-js set size:62640 disposed:false
220 http fetch GET 200 https://registry.npmjs.org/nanoid 89ms (cache revalidated)
221 silly packumentCache full:https://registry.npmjs.org/nanoid set size:298419 disposed:false
222 http fetch GET 200 https://registry.npmjs.org/tslib 92ms (cache revalidated)
223 silly packumentCache full:https://registry.npmjs.org/tslib set size:108760 disposed:false
224 http fetch GET 200 https://registry.npmjs.org/picocolors 90ms (cache revalidated)
225 silly packumentCache full:https://registry.npmjs.org/picocolors set size:16648 disposed:false
226 http fetch GET 200 https://registry.npmjs.org/streamsearch 95ms (cache miss)
227 silly packumentCache full:https://registry.npmjs.org/streamsearch set size:undefined disposed:false
228 http fetch GET 200 https://registry.npmjs.org/@swc%2fcounter 104ms (cache miss)
229 silly packumentCache full:https://registry.npmjs.org/@swc%2fcounter set size:undefined disposed:false
230 silly placeDep ROOT @swc/counter@0.1.3 OK for: @swc/helpers@0.5.5 want: ^0.1.3
231 silly placeDep ROOT tslib@2.8.1 OK for: @swc/helpers@0.5.5 want: ^2.4.0
232 silly placeDep ROOT streamsearch@1.1.0 OK for: busboy@1.6.0 want: ^1.1.0
233 silly placeDep ROOT nanoid@3.3.11 OK for: postcss@8.4.31 want: ^3.3.6
234 silly placeDep ROOT picocolors@1.1.1 OK for: postcss@8.4.31 want: ^1.0.0
235 silly placeDep ROOT source-map-js@1.2.1 OK for: postcss@8.4.31 want: ^1.0.2
236 silly placeDep ROOT @prisma/engines@5.22.0 OK for: prisma@5.22.0 want: 5.22.0
237 silly placeDep ROOT fsevents@2.3.3 OK for: prisma@5.22.0 want: 2.3.3
238 silly fetch manifest @prisma/debug@5.22.0
239 silly packumentCache full:https://registry.npmjs.org/@prisma%2fdebug cache-miss
240 silly fetch manifest @prisma/fetch-engine@5.22.0
241 silly packumentCache full:https://registry.npmjs.org/@prisma%2ffetch-engine cache-miss
242 silly fetch manifest @prisma/get-platform@5.22.0
243 silly packumentCache full:https://registry.npmjs.org/@prisma%2fget-platform cache-miss
244 silly fetch manifest @prisma/engines-version@5.22.0-44.605197351a3c8bdd595af2d2a9bc3025bca48ea2
245 silly packumentCache full:https://registry.npmjs.org/@prisma%2fengines-version cache-miss
246 http fetch GET 200 https://registry.npmjs.org/@prisma%2fengines-version 833ms (cache miss)
247 silly packumentCache full:https://registry.npmjs.org/@prisma%2fengines-version set size:undefined disposed:false
248 http fetch GET 200 https://registry.npmjs.org/@prisma%2fget-platform 874ms (cache miss)
249 silly packumentCache full:https://registry.npmjs.org/@prisma%2fget-platform set size:undefined disposed:false
250 http fetch GET 200 https://registry.npmjs.org/@prisma%2fdebug 1211ms (cache miss)
251 silly packumentCache full:https://registry.npmjs.org/@prisma%2fdebug set size:undefined disposed:false
252 http fetch GET 200 https://registry.npmjs.org/@prisma%2ffetch-engine 1435ms (cache miss)
253 silly packumentCache full:https://registry.npmjs.org/@prisma%2ffetch-engine set size:undefined disposed:false
254 silly placeDep ROOT @prisma/debug@5.22.0 OK for: @prisma/engines@5.22.0 want: 5.22.0
255 silly placeDep ROOT @prisma/engines-version@5.22.0-44.605197351a3c8bdd595af2d2a9bc3025bca48ea2 OK for: @prisma/engines@5.22.0 want: 5.22.0-44.605197351a3c8bdd595af2d2a9bc3025bca48ea2
256 silly placeDep ROOT @prisma/fetch-engine@5.22.0 OK for: @prisma/engines@5.22.0 want: 5.22.0
257 silly placeDep ROOT @prisma/get-platform@5.22.0 OK for: @prisma/engines@5.22.0 want: 5.22.0
258 silly placeDep ROOT loose-envify@1.4.0 OK for: react@18.3.1 want: ^1.1.0
259 silly fetch manifest js-tokens@^3.0.0 || ^4.0.0
260 silly packumentCache full:https://registry.npmjs.org/js-tokens cache-miss
261 http fetch GET 200 https://registry.npmjs.org/js-tokens 61ms (cache revalidated)
262 silly packumentCache full:https://registry.npmjs.org/js-tokens set size:41947 disposed:false
263 silly placeDep ROOT js-tokens@4.0.0 OK for: loose-envify@1.4.0 want: ^3.0.0 || ^4.0.0
264 silly placeDep ROOT scheduler@0.23.2 OK for: react-dom@18.3.1 want: ^0.23.2
265 silly placeDep ROOT client-only@0.0.1 OK for: styled-jsx@5.1.1 want: 0.0.1
266 silly reify moves {}
267 silly audit bulk request {
267 silly audit   '@prisma/client': [ '5.22.0' ],
267 silly audit   '@types/node': [ '20.19.30' ],
267 silly audit   '@types/react': [ '18.3.27' ],
267 silly audit   '@types/react-dom': [ '18.3.7' ],
267 silly audit   next: [ '14.2.35' ],
267 silly audit   react: [ '18.3.1' ],
267 silly audit   'react-dom': [ '18.3.1' ],
267 silly audit   prisma: [ '5.22.0' ],
267 silly audit   typescript: [ '5.9.3' ],
267 silly audit   uuid: [ '9.0.1' ],
267 silly audit   zod: [ '3.25.76' ],
267 silly audit   'undici-types': [ '6.21.0' ],
267 silly audit   '@types/prop-types': [ '15.7.15' ],
267 silly audit   csstype: [ '3.2.3' ],
267 silly audit   '@next/env': [ '14.2.35' ],
267 silly audit   '@next/swc-darwin-arm64': [ '14.2.33' ],
267 silly audit   '@next/swc-darwin-x64': [ '14.2.33' ],
267 silly audit   '@next/swc-linux-arm64-gnu': [ '14.2.33' ],
267 silly audit   '@next/swc-linux-arm64-musl': [ '14.2.33' ],
267 silly audit   '@next/swc-linux-x64-gnu': [ '14.2.33' ],
267 silly audit   '@next/swc-linux-x64-musl': [ '14.2.33' ],
267 silly audit   '@next/swc-win32-arm64-msvc': [ '14.2.33' ],
267 silly audit   '@next/swc-win32-ia32-msvc': [ '14.2.33' ],
267 silly audit   '@next/swc-win32-x64-msvc': [ '14.2.33' ],
267 silly audit   '@swc/helpers': [ '0.5.5' ],
267 silly audit   busboy: [ '1.6.0' ],
267 silly audit   'caniuse-lite': [ '1.0.30001766' ],
267 silly audit   'graceful-fs': [ '4.2.11' ],
267 silly audit   postcss: [ '8.4.31' ],
267 silly audit   'styled-jsx': [ '5.1.1' ],
267 silly audit   '@swc/counter': [ '0.1.3' ],
267 silly audit   tslib: [ '2.8.1' ],
267 silly audit   streamsearch: [ '1.1.0' ],
267 silly audit   nanoid: [ '3.3.11' ],
267 silly audit   picocolors: [ '1.1.1' ],
267 silly audit   'source-map-js': [ '1.2.1' ],
267 silly audit   '@prisma/engines': [ '5.22.0' ],
267 silly audit   fsevents: [ '2.3.3' ],
267 silly audit   '@prisma/debug': [ '5.22.0' ],
267 silly audit   '@prisma/engines-version': [ '5.22.0-44.605197351a3c8bdd595af2d2a9bc3025bca48ea2' ],
267 silly audit   '@prisma/fetch-engine': [ '5.22.0' ],
267 silly audit   '@prisma/get-platform': [ '5.22.0' ],
267 silly audit   'loose-envify': [ '1.4.0' ],
267 silly audit   'js-tokens': [ '4.0.0' ],
267 silly audit   scheduler: [ '0.23.2' ],
267 silly audit   'client-only': [ '0.0.1' ]
267 silly audit }
268 verbose reify failed optional dependency /Users/mitchellengare/Downloads/remit-mvp/node_modules/@next/swc-win32-x64-msvc
269 silly reify mark deleted [
269 silly reify   '/Users/mitchellengare/Downloads/remit-mvp/node_modules/@next/swc-win32-x64-msvc'
269 silly reify ]
270 verbose reify failed optional dependency /Users/mitchellengare/Downloads/remit-mvp/node_modules/@next/swc-win32-ia32-msvc
271 silly reify mark deleted [
271 silly reify   '/Users/mitchellengare/Downloads/remit-mvp/node_modules/@next/swc-win32-ia32-msvc'
271 silly reify ]
272 verbose reify failed optional dependency /Users/mitchellengare/Downloads/remit-mvp/node_modules/@next/swc-win32-arm64-msvc
273 silly reify mark deleted [
273 silly reify   '/Users/mitchellengare/Downloads/remit-mvp/node_modules/@next/swc-win32-arm64-msvc'
273 silly reify ]
274 verbose reify failed optional dependency /Users/mitchellengare/Downloads/remit-mvp/node_modules/@next/swc-linux-x64-musl
275 silly reify mark deleted [
275 silly reify   '/Users/mitchellengare/Downloads/remit-mvp/node_modules/@next/swc-linux-x64-musl'
275 silly reify ]
276 verbose reify failed optional dependency /Users/mitchellengare/Downloads/remit-mvp/node_modules/@next/swc-linux-x64-gnu
277 silly reify mark deleted [
277 silly reify   '/Users/mitchellengare/Downloads/remit-mvp/node_modules/@next/swc-linux-x64-gnu'
277 silly reify ]
278 verbose reify failed optional dependency /Users/mitchellengare/Downloads/remit-mvp/node_modules/@next/swc-linux-arm64-musl
279 silly reify mark deleted [
279 silly reify   '/Users/mitchellengare/Downloads/remit-mvp/node_modules/@next/swc-linux-arm64-musl'
279 silly reify ]
280 verbose reify failed optional dependency /Users/mitchellengare/Downloads/remit-mvp/node_modules/@next/swc-linux-arm64-gnu
281 silly reify mark deleted [
281 silly reify   '/Users/mitchellengare/Downloads/remit-mvp/node_modules/@next/swc-linux-arm64-gnu'
281 silly reify ]
282 verbose reify failed optional dependency /Users/mitchellengare/Downloads/remit-mvp/node_modules/@next/swc-darwin-x64
283 silly reify mark deleted [
283 silly reify   '/Users/mitchellengare/Downloads/remit-mvp/node_modules/@next/swc-darwin-x64'
283 silly reify ]
284 http cache client-only@https://registry.npmjs.org/client-only/-/client-only-0.0.1.tgz 0ms (cache hit)
285 http cache scheduler@https://registry.npmjs.org/scheduler/-/scheduler-0.23.2.tgz 0ms (cache hit)
286 http cache js-tokens@https://registry.npmjs.org/js-tokens/-/js-tokens-4.0.0.tgz 0ms (cache hit)
287 http cache @prisma/get-platform@https://registry.npmjs.org/@prisma/get-platform/-/get-platform-5.22.0.tgz 0ms (cache hit)
288 http cache loose-envify@https://registry.npmjs.org/loose-envify/-/loose-envify-1.4.0.tgz 0ms (cache hit)
289 http cache @prisma/fetch-engine@https://registry.npmjs.org/@prisma/fetch-engine/-/fetch-engine-5.22.0.tgz 0ms (cache hit)
290 http cache @prisma/debug@https://registry.npmjs.org/@prisma/debug/-/debug-5.22.0.tgz 0ms (cache hit)
291 http cache fsevents@https://registry.npmjs.org/fsevents/-/fsevents-2.3.3.tgz 0ms (cache hit)
292 http cache @prisma/engines@https://registry.npmjs.org/@prisma/engines/-/engines-5.22.0.tgz 0ms (cache hit)
293 http cache source-map-js@https://registry.npmjs.org/source-map-js/-/source-map-js-1.2.1.tgz 0ms (cache hit)
294 http cache picocolors@https://registry.npmjs.org/picocolors/-/picocolors-1.1.1.tgz 0ms (cache hit)
295 http cache @prisma/engines-version@https://registry.npmjs.org/@prisma/engines-version/-/engines-version-5.22.0-44.605197351a3c8bdd595af2d2a9bc3025bca48ea2.tgz 0ms (cache hit)
296 http cache streamsearch@https://registry.npmjs.org/streamsearch/-/streamsearch-1.1.0.tgz 0ms (cache hit)
297 http cache nanoid@https://registry.npmjs.org/nanoid/-/nanoid-3.3.11.tgz 0ms (cache hit)
298 http cache tslib@https://registry.npmjs.org/tslib/-/tslib-2.8.1.tgz 0ms (cache hit)
299 http cache @swc/counter@https://registry.npmjs.org/@swc/counter/-/counter-0.1.3.tgz 0ms (cache hit)
300 http cache styled-jsx@https://registry.npmjs.org/styled-jsx/-/styled-jsx-5.1.1.tgz 0ms (cache hit)
301 http cache postcss@https://registry.npmjs.org/postcss/-/postcss-8.4.31.tgz 0ms (cache hit)
302 http cache graceful-fs@https://registry.npmjs.org/graceful-fs/-/graceful-fs-4.2.11.tgz 0ms (cache hit)
303 http cache caniuse-lite@https://registry.npmjs.org/caniuse-lite/-/caniuse-lite-1.0.30001766.tgz 0ms (cache hit)
304 http cache busboy@https://registry.npmjs.org/busboy/-/busboy-1.6.0.tgz 0ms (cache hit)
305 http cache @next/swc-darwin-arm64@https://registry.npmjs.org/@next/swc-darwin-arm64/-/swc-darwin-arm64-14.2.33.tgz 0ms (cache hit)
306 http cache @next/env@https://registry.npmjs.org/@next/env/-/env-14.2.35.tgz 0ms (cache hit)
307 http cache @types/prop-types@https://registry.npmjs.org/@types/prop-types/-/prop-types-15.7.15.tgz 0ms (cache hit)
308 http cache @swc/helpers@https://registry.npmjs.org/@swc/helpers/-/helpers-0.5.5.tgz 0ms (cache hit)
309 http cache undici-types@https://registry.npmjs.org/undici-types/-/undici-types-6.21.0.tgz 0ms (cache hit)
310 http cache csstype@https://registry.npmjs.org/csstype/-/csstype-3.2.3.tgz 0ms (cache hit)
311 http cache zod@https://registry.npmjs.org/zod/-/zod-3.25.76.tgz 0ms (cache hit)
312 http cache uuid@https://registry.npmjs.org/uuid/-/uuid-9.0.1.tgz 0ms (cache hit)
313 http cache prisma@https://registry.npmjs.org/prisma/-/prisma-5.22.0.tgz 0ms (cache hit)
314 http cache typescript@https://registry.npmjs.org/typescript/-/typescript-5.9.3.tgz 0ms (cache hit)
315 http cache react@https://registry.npmjs.org/react/-/react-18.3.1.tgz 0ms (cache hit)
316 http cache next@https://registry.npmjs.org/next/-/next-14.2.35.tgz 0ms (cache hit)
317 http cache react-dom@https://registry.npmjs.org/react-dom/-/react-dom-18.3.1.tgz 0ms (cache hit)
318 http cache @types/react-dom@https://registry.npmjs.org/@types/react-dom/-/react-dom-18.3.7.tgz 0ms (cache hit)
319 http cache @types/react@https://registry.npmjs.org/@types/react/-/react-18.3.27.tgz 0ms (cache hit)
320 http cache @types/node@https://registry.npmjs.org/@types/node/-/node-20.19.30.tgz 0ms (cache hit)
321 http cache @prisma/client@https://registry.npmjs.org/@prisma/client/-/client-5.22.0.tgz 0ms (cache hit)
322 silly tarball no local data for @prisma/get-platform@https://registry.npmjs.org/@prisma/get-platform/-/get-platform-5.22.0.tgz. Extracting by manifest.
323 silly tarball no local data for @prisma/engines@https://registry.npmjs.org/@prisma/engines/-/engines-5.22.0.tgz. Extracting by manifest.
324 silly tarball no local data for @prisma/fetch-engine@https://registry.npmjs.org/@prisma/fetch-engine/-/fetch-engine-5.22.0.tgz. Extracting by manifest.
325 silly tarball no local data for @prisma/debug@https://registry.npmjs.org/@prisma/debug/-/debug-5.22.0.tgz. Extracting by manifest.
326 silly tarball no local data for streamsearch@https://registry.npmjs.org/streamsearch/-/streamsearch-1.1.0.tgz. Extracting by manifest.
327 silly tarball no local data for @prisma/engines-version@https://registry.npmjs.org/@prisma/engines-version/-/engines-version-5.22.0-44.605197351a3c8bdd595af2d2a9bc3025bca48ea2.tgz. Extracting by manifest.
328 silly tarball no local data for @swc/counter@https://registry.npmjs.org/@swc/counter/-/counter-0.1.3.tgz. Extracting by manifest.
329 silly tarball no local data for styled-jsx@https://registry.npmjs.org/styled-jsx/-/styled-jsx-5.1.1.tgz. Extracting by manifest.
330 silly tarball no local data for busboy@https://registry.npmjs.org/busboy/-/busboy-1.6.0.tgz. Extracting by manifest.
331 silly tarball no local data for @next/env@https://registry.npmjs.org/@next/env/-/env-14.2.35.tgz. Extracting by manifest.
332 silly tarball no local data for @next/swc-darwin-arm64@https://registry.npmjs.org/@next/swc-darwin-arm64/-/swc-darwin-arm64-14.2.33.tgz. Extracting by manifest.
333 silly tarball no local data for @swc/helpers@https://registry.npmjs.org/@swc/helpers/-/helpers-0.5.5.tgz. Extracting by manifest.
334 silly tarball no local data for uuid@https://registry.npmjs.org/uuid/-/uuid-9.0.1.tgz. Extracting by manifest.
335 silly tarball no local data for prisma@https://registry.npmjs.org/prisma/-/prisma-5.22.0.tgz. Extracting by manifest.
336 silly tarball no local data for next@https://registry.npmjs.org/next/-/next-14.2.35.tgz. Extracting by manifest.
337 silly tarball no local data for @types/node@https://registry.npmjs.org/@types/node/-/node-20.19.30.tgz. Extracting by manifest.
338 silly tarball no local data for @prisma/client@https://registry.npmjs.org/@prisma/client/-/client-5.22.0.tgz. Extracting by manifest.
339 http fetch POST 200 https://registry.npmjs.org/-/npm/v1/security/advisories/bulk 128ms
340 silly audit report {}
341 http fetch GET 200 https://registry.npmjs.org/streamsearch/-/streamsearch-1.1.0.tgz 122ms (cache miss)
342 http fetch GET 200 https://registry.npmjs.org/@prisma/engines-version/-/engines-version-5.22.0-44.605197351a3c8bdd595af2d2a9bc3025bca48ea2.tgz 134ms (cache miss)
343 http fetch GET 200 https://registry.npmjs.org/@prisma/engines/-/engines-5.22.0.tgz 140ms (cache miss)
344 http fetch GET 200 https://registry.npmjs.org/@prisma/get-platform/-/get-platform-5.22.0.tgz 150ms (cache miss)
345 http fetch GET 200 https://registry.npmjs.org/@swc/counter/-/counter-0.1.3.tgz 232ms (cache miss)
346 http fetch GET 200 https://registry.npmjs.org/uuid/-/uuid-9.0.1.tgz 252ms (cache miss)
347 http fetch GET 200 https://registry.npmjs.org/busboy/-/busboy-1.6.0.tgz 257ms (cache miss)
348 http fetch GET 200 https://registry.npmjs.org/styled-jsx/-/styled-jsx-5.1.1.tgz 278ms (cache miss)
349 http fetch GET 200 https://registry.npmjs.org/@next/env/-/env-14.2.35.tgz 335ms (cache miss)
350 http fetch GET 200 https://registry.npmjs.org/@swc/helpers/-/helpers-0.5.5.tgz 344ms (cache miss)
351 http fetch GET 200 https://registry.npmjs.org/@prisma/debug/-/debug-5.22.0.tgz 469ms (cache miss)
352 http fetch GET 200 https://registry.npmjs.org/@types/node/-/node-20.19.30.tgz 648ms (cache miss)
353 http fetch GET 200 https://registry.npmjs.org/@prisma/fetch-engine/-/fetch-engine-5.22.0.tgz 696ms (cache miss)
354 http fetch GET 200 https://registry.npmjs.org/@prisma/client/-/client-5.22.0.tgz 1314ms (cache miss)
355 http fetch GET 200 https://registry.npmjs.org/prisma/-/prisma-5.22.0.tgz 1890ms (cache miss)
356 http fetch GET 200 https://registry.npmjs.org/next/-/next-14.2.35.tgz 2316ms (cache miss)
357 http fetch GET 200 https://registry.npmjs.org/@next/swc-darwin-arm64/-/swc-darwin-arm64-14.2.33.tgz 4443ms (cache miss)
358 info run prisma@5.22.0 preinstall node_modules/prisma node scripts/preinstall-entry.js
359 info run prisma@5.22.0 preinstall { code: 0, signal: null }
360 info run fsevents@2.3.3 install node_modules/fsevents node-gyp rebuild
361 info run fsevents@2.3.3 install { code: 1, signal: null }
362 verbose reify failed optional dependency /Users/mitchellengare/Downloads/remit-mvp/node_modules/fsevents
363 silly reify mark deleted [ '/Users/mitchellengare/Downloads/remit-mvp/node_modules/fsevents' ]
364 info run @prisma/client@5.22.0 postinstall node_modules/@prisma/client node scripts/postinstall.js
365 info run @prisma/engines@5.22.0 postinstall node_modules/@prisma/engines node scripts/postinstall.js
366 info run @prisma/engines@5.22.0 postinstall { code: 0, signal: null }
367 info run @prisma/client@5.22.0 postinstall { code: 0, signal: null }
368 silly ADD node_modules/client-only
369 silly ADD node_modules/scheduler
370 silly ADD node_modules/js-tokens
371 silly ADD node_modules/loose-envify
372 silly ADD node_modules/@prisma/get-platform
373 silly ADD node_modules/@prisma/fetch-engine
374 silly ADD node_modules/@prisma/engines-version
375 silly ADD node_modules/@prisma/debug
376 silly ADD
377 silly ADD node_modules/@prisma/engines
378 silly ADD node_modules/source-map-js
379 silly ADD node_modules/picocolors
380 silly ADD node_modules/nanoid
381 silly ADD node_modules/streamsearch
382 silly ADD node_modules/tslib
383 silly ADD node_modules/@swc/counter
384 silly ADD node_modules/styled-jsx
385 silly ADD node_modules/postcss
386 silly ADD node_modules/graceful-fs
387 silly ADD node_modules/caniuse-lite
388 silly ADD node_modules/busboy
389 silly ADD node_modules/@swc/helpers
390 silly ADD
391 silly ADD
392 silly ADD
393 silly ADD
394 silly ADD
395 silly ADD
396 silly ADD
397 silly ADD
398 silly ADD node_modules/@next/swc-darwin-arm64
399 silly ADD node_modules/@next/env
400 silly ADD node_modules/csstype
401 silly ADD node_modules/@types/prop-types
402 silly ADD node_modules/undici-types
403 silly ADD node_modules/zod
404 silly ADD node_modules/uuid
405 silly ADD node_modules/typescript
406 silly ADD node_modules/prisma
407 silly ADD node_modules/react-dom
408 silly ADD node_modules/react
409 silly ADD node_modules/next
410 silly ADD node_modules/@types/react-dom
411 silly ADD node_modules/@types/react
412 silly ADD node_modules/@types/node
413 silly ADD node_modules/@prisma/client
414 verbose cwd /Users/mitchellengare/Downloads/remit-mvp
415 verbose os Darwin 24.6.0
416 verbose node v23.11.0
417 verbose npm  v10.9.2
418 verbose exit 0
419 info ok
